Release 14.7 - xst P.20131013 (nt)
Copyright (c) 1995-2013 Xilinx, Inc.  All rights reserved.
--> Parameter TMPDIR set to xst/projnav.tmp


Total REAL time to Xst completion: 0.00 secs
Total CPU time to Xst completion: 0.17 secs
 
--> Parameter xsthdpdir set to xst


Total REAL time to Xst completion: 0.00 secs
Total CPU time to Xst completion: 0.17 secs
 
--> Reading design: Main.prj

TABLE OF CONTENTS
  1) Synthesis Options Summary
  2) HDL Compilation
  3) Design Hierarchy Analysis
  4) HDL Analysis
  5) HDL Synthesis
     5.1) HDL Synthesis Report
  6) Advanced HDL Synthesis
     6.1) Advanced HDL Synthesis Report
  7) Low Level Synthesis
  8) Partition Report
  9) Final Report
	9.1) Device utilization summary
	9.2) Partition Resource Summary
	9.3) TIMING REPORT


=========================================================================
*                      Synthesis Options Summary                        *
=========================================================================
---- Source Parameters
Input File Name                    : "Main.prj"
Input Format                       : mixed
Ignore Synthesis Constraint File   : NO

---- Target Parameters
Output File Name                   : "Main"
Output Format                      : NGC
Target Device                      : xc3s500e-5-ft256

---- Source Options
Top Module Name                    : Main
Automatic FSM Extraction           : YES
FSM Encoding Algorithm             : Auto
Safe Implementation                : No
FSM Style                          : LUT
RAM Extraction                     : Yes
RAM Style                          : Auto
ROM Extraction                     : Yes
Mux Style                          : Auto
Decoder Extraction                 : YES
Priority Encoder Extraction        : Yes
Shift Register Extraction          : YES
Logical Shifter Extraction         : YES
XOR Collapsing                     : YES
ROM Style                          : Auto
Mux Extraction                     : Yes
Resource Sharing                   : YES
Asynchronous To Synchronous        : NO
Multiplier Style                   : Auto
Automatic Register Balancing       : No

---- Target Options
Add IO Buffers                     : YES
Global Maximum Fanout              : 100000
Add Generic Clock Buffer(BUFG)     : 24
Register Duplication               : YES
Slice Packing                      : YES
Optimize Instantiated Primitives   : NO
Use Clock Enable                   : Yes
Use Synchronous Set                : Yes
Use Synchronous Reset              : Yes
Pack IO Registers into IOBs        : Auto
Equivalent register Removal        : YES

---- General Options
Optimization Goal                  : Speed
Optimization Effort                : 1
Keep Hierarchy                     : No
Netlist Hierarchy                  : As_Optimized
RTL Output                         : Yes
Global Optimization                : AllClockNets
Read Cores                         : YES
Write Timing Constraints           : NO
Cross Clock Analysis               : NO
Hierarchy Separator                : /
Bus Delimiter                      : <>
Case Specifier                     : Maintain
Slice Utilization Ratio            : 100
BRAM Utilization Ratio             : 100
Verilog 2001                       : YES
Auto BRAM Packing                  : NO
Slice Utilization Ratio Delta      : 5

=========================================================================


=========================================================================
*                          HDL Compilation                              *
=========================================================================
Compiling verilog file "rom_Car.v" in library work
Compiling verilog file "CLK_Divider.v" in library work
Module <rom_Car> compiled
Compiling verilog file "VGA_LOGIC.v" in library work
Module <CLK_Divider> compiled
Compiling verilog file "rom_Bars.v" in library work
Module <VGA_LOGIC> compiled
Compiling verilog file "Enemy.v" in library work
Module <rom_Bars> compiled
Compiling verilog file "Main.v" in library work
Module <Enemy> compiled
Module <Main> compiled
No errors in compilation
Analysis of file <"Main.prj"> succeeded.
 

=========================================================================
*                     Design Hierarchy Analysis                         *
=========================================================================
Analyzing hierarchy for module <Main> in library <work> with parameters.
	center_pos = "100010111"
	left_pos = "011000101"
	right_pos = "101101001"

Analyzing hierarchy for module <CLK_Divider> in library <work> with parameters.
	counter_limit = "0000000001001100010010110100000"

Analyzing hierarchy for module <rom_Car> in library <work>.

Analyzing hierarchy for module <Enemy> in library <work>.

Analyzing hierarchy for module <rom_Bars> in library <work>.

Analyzing hierarchy for module <VGA_LOGIC> in library <work>.

Analyzing hierarchy for module <rom_Car> in library <work>.

Analyzing hierarchy for module <CLK_Divider> in library <work> with parameters.
	counter_limit = "0001001100010010110100000"

WARNING:Xst:2591 - "Main.v" line 39: attribute on instance <CLKFX_DIVIDE> overrides generic/parameter on entity. It is possible that simulator will not take this attribute into account.
WARNING:Xst:2591 - "Main.v" line 39: attribute on instance <CLKFX_MULTIPLY> overrides generic/parameter on entity. It is possible that simulator will not take this attribute into account.

=========================================================================
*                            HDL Analysis                               *
=========================================================================
Analyzing top module <Main>.
	center_pos = 9'b100010111
	left_pos = 9'b011000101
	right_pos = 9'b101101001
Module <Main> is correct for synthesis.
 
    Set user-defined property "CLKDV_DIVIDE =  2.000000" for instance <vga_clock_dcm> in unit <Main>.
    Set user-defined property "CLKFX_DIVIDE =  4" for instance <vga_clock_dcm> in unit <Main>.
    Set user-defined property "CLKFX_MULTIPLY =  2" for instance <vga_clock_dcm> in unit <Main>.
    Set user-defined property "CLKIN_DIVIDE_BY_2 =  FALSE" for instance <vga_clock_dcm> in unit <Main>.
    Set user-defined property "CLKIN_PERIOD =  10.000000" for instance <vga_clock_dcm> in unit <Main>.
    Set user-defined property "CLKOUT_PHASE_SHIFT =  NONE" for instance <vga_clock_dcm> in unit <Main>.
    Set user-defined property "CLK_FEEDBACK =  1X" for instance <vga_clock_dcm> in unit <Main>.
    Set user-defined property "DESKEW_ADJUST =  SYSTEM_SYNCHRONOUS" for instance <vga_clock_dcm> in unit <Main>.
    Set user-defined property "DFS_FREQUENCY_MODE =  LOW" for instance <vga_clock_dcm> in unit <Main>.
    Set user-defined property "DLL_FREQUENCY_MODE =  LOW" for instance <vga_clock_dcm> in unit <Main>.
    Set user-defined property "DSS_MODE =  NONE" for instance <vga_clock_dcm> in unit <Main>.
    Set user-defined property "DUTY_CYCLE_CORRECTION =  TRUE" for instance <vga_clock_dcm> in unit <Main>.
    Set user-defined property "FACTORY_JF =  C080" for instance <vga_clock_dcm> in unit <Main>.
    Set user-defined property "PHASE_SHIFT =  0" for instance <vga_clock_dcm> in unit <Main>.
    Set user-defined property "SIM_MODE =  SAFE" for instance <vga_clock_dcm> in unit <Main>.
    Set user-defined property "STARTUP_WAIT =  FALSE" for instance <vga_clock_dcm> in unit <Main>.
Analyzing module <CLK_Divider.1> in library <work>.
	counter_limit = 31'b0000000001001100010010110100000
Module <CLK_Divider.1> is correct for synthesis.
 
Analyzing module <rom_Car> in library <work>.
INFO:Xst:2546 - "rom_Car.v" line 13: reading initialization file "CarBlue.mif".
WARNING:Xst:905 - "rom_Car.v" line 10: One or more signals are missing in the sensitivity list of always block. To enable synthesis of FPGA/CPLD hardware, XST will assume that all necessary signals are present in the sensitivity list. Please note that the result of the synthesis may differ from the initial design specification. The missing signals are:
   <rom_content>
Module <rom_Car> is correct for synthesis.
 
Analyzing module <Enemy> in library <work>.
Module <Enemy> is correct for synthesis.
 
Analyzing module <CLK_Divider.2> in library <work>.
	counter_limit = 25'b0001001100010010110100000
Module <CLK_Divider.2> is correct for synthesis.
 
Analyzing module <rom_Bars> in library <work>.
INFO:Xst:2546 - "rom_Bars.v" line 12: reading initialization file "lineas.mif".
WARNING:Xst:905 - "rom_Bars.v" line 9: One or more signals are missing in the sensitivity list of always block. To enable synthesis of FPGA/CPLD hardware, XST will assume that all necessary signals are present in the sensitivity list. Please note that the result of the synthesis may differ from the initial design specification. The missing signals are:
   <rom_content>
Module <rom_Bars> is correct for synthesis.
 
Analyzing module <VGA_LOGIC> in library <work>.
Module <VGA_LOGIC> is correct for synthesis.
 

=========================================================================
*                           HDL Synthesis                               *
=========================================================================

Performing bidirectional port resolution...

Synthesizing Unit <CLK_Divider_1>.
    Related source file is "CLK_Divider.v".
    Found 1-bit register for signal <clk1hz_buff>.
    Found 25-bit up counter for signal <counter>.
    Found 25-bit adder for signal <old_counter_2$add0000> created at line 18.
    Summary:
	inferred   1 Counter(s).
	inferred   1 D-type flip-flop(s).
	inferred   1 Adder/Subtractor(s).
Unit <CLK_Divider_1> synthesized.


Synthesizing Unit <rom_Car>.
    Related source file is "rom_Car.v".
WARNING:Xst:1781 - Signal <rom_content> is used but never assigned. Tied to default value.
    Found 16384x3-bit ROM for signal <data>.
    Summary:
	inferred   1 ROM(s).
Unit <rom_Car> synthesized.


Synthesizing Unit <rom_Bars>.
    Related source file is "rom_Bars.v".
WARNING:Xst:1781 - Signal <rom_content> is used but never assigned. Tied to default value.
    Found 16384x3-bit ROM for signal <data>.
    Summary:
	inferred   1 ROM(s).
Unit <rom_Bars> synthesized.


Synthesizing Unit <VGA_LOGIC>.
    Related source file is "VGA_LOGIC.v".
    Found 1-bit register for signal <vsync>.
    Found 1-bit register for signal <blue_out>.
    Found 1-bit register for signal <red_out>.
    Found 1-bit register for signal <green_out>.
    Found 1-bit register for signal <hsync>.
    Found 3-bit register for signal <color>.
    Found 10-bit register for signal <hcount>.
    Found 10-bit comparator greatequal for signal <hsync$cmp_ge0000> created at line 39.
    Found 10-bit comparator less for signal <hsync$cmp_lt0000> created at line 39.
    Found 10-bit adder for signal <old_hcount_5$addsub0000> created at line 30.
    Found 10-bit adder for signal <old_vcount_4$addsub0000> created at line 27.
    Found 10-bit comparator less for signal <red_out$cmp_lt0000> created at line 45.
    Found 10-bit comparator less for signal <red_out$cmp_lt0001> created at line 45.
    Found 10-bit register for signal <vcount>.
    Found 10-bit comparator greatequal for signal <vsync$cmp_ge0000> created at line 33.
    Found 10-bit comparator less for signal <vsync$cmp_lt0000> created at line 33.
    Summary:
	inferred  28 D-type flip-flop(s).
	inferred   2 Adder/Subtractor(s).
	inferred   6 Comparator(s).
Unit <VGA_LOGIC> synthesized.


Synthesizing Unit <CLK_Divider_2>.
    Related source file is "CLK_Divider.v".
    Found 1-bit register for signal <clk1hz_buff>.
    Found 25-bit up counter for signal <counter>.
    Found 25-bit adder for signal <old_counter_3$add0000> created at line 18.
    Summary:
	inferred   1 Counter(s).
	inferred   1 D-type flip-flop(s).
	inferred   1 Adder/Subtractor(s).
Unit <CLK_Divider_2> synthesized.


Synthesizing Unit <Enemy>.
    Related source file is "Enemy.v".
    Found 10-bit register for signal <pos_y>.
    Found 3-bit register for signal <data>.
    Found 10-bit adder carry out for signal <add0000$addsub0000> created at line 44.
    Found 10-bit adder carry out for signal <add0001$addsub0000> created at line 46.
    Found 14-bit up counter for signal <address>.
    Found 10-bit comparator greatequal for signal <address$cmp_ge0000> created at line 44.
    Found 11-bit comparator greatequal for signal <address$cmp_ge0001> created at line 46.
    Found 10-bit comparator greatequal for signal <address$cmp_ge0002> created at line 42.
    Found 10-bit comparator greatequal for signal <address$cmp_ge0003> created at line 40.
    Found 11-bit comparator less for signal <address$cmp_lt0000> created at line 44.
    Found 10-bit comparator less for signal <address$cmp_lt0001> created at line 42.
    Found 10-bit comparator less for signal <address$cmp_lt0002> created at line 40.
    Found 10-bit comparator less for signal <address$cmp_lt0003> created at line 46.
    Found 10-bit up counter for signal <counter>.
    Found 11-bit comparator greatequal for signal <data_0$cmp_ge0000> created at line 44.
    Found 10-bit comparator less for signal <data_0$cmp_lt0000> created at line 44.
    Found 11-bit comparator less for signal <pos_y$cmp_lt0000> created at line 25.
    Summary:
	inferred   2 Counter(s).
	inferred  13 D-type flip-flop(s).
	inferred   2 Adder/Subtractor(s).
	inferred  11 Comparator(s).
Unit <Enemy> synthesized.


Synthesizing Unit <Main>.
    Related source file is "Main.v".
    Found 10-bit adder carry out for signal <add0000$addsub0000> created at line 132.
    Found 10-bit adder carry out for signal <add0001$addsub0000> created at line 134.
    Found 10-bit adder carry out for signal <add0002$addsub0000> created at line 120.
    Found 14-bit up counter for signal <address>.
    Found 11-bit comparator greatequal for signal <address$cmp_ge0000> created at line 120.
    Found 10-bit comparator less for signal <address$cmp_lt0000> created at line 95.
    Found 10-bit comparator less for signal <address$cmp_lt0001> created at line 120.
    Found 14-bit up counter for signal <address_bars_left>.
    Found 10-bit comparator less for signal <address_bars_left$cmp_lt0000> created at line 93.
    Found 10-bit comparator less for signal <address_bars_left$cmp_lt0001> created at line 100.
    Found 14-bit up counter for signal <address_bars_right>.
    Found 10-bit comparator greatequal for signal <address_bars_right$cmp_ge0000> created at line 107.
    Found 3-bit register for signal <data>.
    Found 10-bit comparator greatequal for signal <data_2$cmp_ge0000> created at line 95.
    Found 10-bit comparator greatequal for signal <data_2$cmp_ge0001> created at line 93.
    Found 10-bit comparator greatequal for signal <data_2$cmp_ge0002> created at line 132.
    Found 10-bit comparator greatequal for signal <data_2$cmp_ge0003> created at line 118.
    Found 10-bit comparator greatequal for signal <data_2$cmp_ge0004> created at line 114.
    Found 10-bit comparator greatequal for signal <data_2$cmp_ge0005> created at line 100.
    Found 10-bit comparator greatequal for signal <data_2$cmp_ge0006> created at line 107.
    Found 10-bit comparator greatequal for signal <data_2$cmp_ge0007> created at line 120.
    Found 10-bit comparator greatequal for signal <data_2$cmp_ge0008> created at line 134.
    Found 11-bit comparator less for signal <data_2$cmp_lt0000> created at line 132.
    Found 10-bit comparator less for signal <data_2$cmp_lt0001> created at line 118.
    Found 10-bit comparator less for signal <data_2$cmp_lt0002> created at line 114.
    Found 10-bit comparator less for signal <data_2$cmp_lt0003> created at line 100.
    Found 10-bit comparator less for signal <data_2$cmp_lt0004> created at line 107.
    Found 11-bit comparator less for signal <data_2$cmp_lt0005> created at line 120.
    Found 11-bit comparator less for signal <data_2$cmp_lt0006> created at line 134.
    Found 10-bit register for signal <offset_car_x>.
    Summary:
	inferred   3 Counter(s).
	inferred  13 D-type flip-flop(s).
	inferred   3 Adder/Subtractor(s).
	inferred  22 Comparator(s).
Unit <Main> synthesized.


=========================================================================
HDL Synthesis Report

Macro Statistics
# ROMs                                                 : 4
 16384x3-bit ROM                                       : 4
# Adders/Subtractors                                   : 9
 10-bit adder                                          : 2
 10-bit adder carry out                                : 5
 25-bit adder                                          : 2
# Counters                                             : 7
 10-bit up counter                                     : 1
 14-bit up counter                                     : 4
 25-bit up counter                                     : 2
# Registers                                            : 18
 1-bit register                                        : 13
 10-bit register                                       : 4
 3-bit register                                        : 1
# Comparators                                          : 39
 10-bit comparator greatequal                          : 15
 10-bit comparator less                                : 16
 11-bit comparator greatequal                          : 3
 11-bit comparator less                                : 5

=========================================================================

=========================================================================
*                       Advanced HDL Synthesis                          *
=========================================================================

WARNING:Xst:1710 - FF/Latch <offset_car_x_9> (without init value) has a constant value of 0 in block <Main>. This FF/Latch will be trimmed during the optimization process.

=========================================================================
Advanced HDL Synthesis Report

Macro Statistics
# ROMs                                                 : 4
 16384x3-bit ROM                                       : 4
# Adders/Subtractors                                   : 9
 10-bit adder                                          : 2
 10-bit adder carry out                                : 5
 25-bit adder                                          : 2
# Counters                                             : 7
 10-bit up counter                                     : 1
 14-bit up counter                                     : 4
 25-bit up counter                                     : 2
# Registers                                            : 56
 Flip-Flops                                            : 56
# Comparators                                          : 39
 10-bit comparator greatequal                          : 15
 10-bit comparator less                                : 16
 11-bit comparator greatequal                          : 3
 11-bit comparator less                                : 5

=========================================================================

=========================================================================
*                         Low Level Synthesis                           *
=========================================================================
WARNING:Xst:1710 - FF/Latch <offset_car_x_9> (without init value) has a constant value of 0 in block <Main>. This FF/Latch will be trimmed during the optimization process.
INFO:Xst:1901 - Instance vga_clock_dcm in unit Main of type DCM has been replaced by DCM_SP

Optimizing unit <Main> ...
WARNING:Xst:1710 - FF/Latch <offset_car_x_0> (without init value) has a constant value of 1 in block <Main>. This FF/Latch will be trimmed during the optimization process.

Optimizing unit <VGA_LOGIC> ...

Optimizing unit <Enemy> ...

Mapping all equations...
Building and optimizing final netlist ...
Found area constraint ratio of 100 (+ 5) on block Main, actual ratio is 16.

Final Macro Processing ...

=========================================================================
Final Register Report

Macro Statistics
# Registers                                            : 170
 Flip-Flops                                            : 170

=========================================================================

=========================================================================
*                           Partition Report                            *
=========================================================================

Partition Implementation Status
-------------------------------

  No Partitions were found in this design.

-------------------------------

=========================================================================
*                            Final Report                               *
=========================================================================
Final Results
RTL Top Level Output File Name     : Main.ngr
Top Level Output File Name         : Main
Output Format                      : NGC
Optimization Goal                  : Speed
Keep Hierarchy                     : No

Design Statistics
# IOs                              : 9

Cell Usage :
# BELS                             : 2130
#      GND                         : 1
#      INV                         : 38
#      LUT1                        : 197
#      LUT2                        : 102
#      LUT2_D                      : 20
#      LUT2_L                      : 5
#      LUT3                        : 296
#      LUT3_D                      : 28
#      LUT3_L                      : 19
#      LUT4                        : 541
#      LUT4_D                      : 63
#      LUT4_L                      : 42
#      MUXCY                       : 292
#      MUXF5                       : 223
#      MUXF6                       : 46
#      MUXF7                       : 8
#      MUXF8                       : 2
#      VCC                         : 1
#      XORCY                       : 206
# FlipFlops/Latches                : 170
#      FD                          : 10
#      FDE                         : 19
#      FDR                         : 65
#      FDRE                        : 76
# Clock Buffers                    : 3
#      BUFG                        : 3
# IO Buffers                       : 9
#      IBUF                        : 3
#      IBUFG                       : 1
#      OBUF                        : 5
# DCMs                             : 1
#      DCM_SP                      : 1
=========================================================================

Device utilization summary:
---------------------------

Selected Device : 3s500eft256-5 

 Number of Slices:                      716  out of   4656    15%  
 Number of Slice Flip Flops:            170  out of   9312     1%  
 Number of 4 input LUTs:               1351  out of   9312    14%  
 Number of IOs:                           9
 Number of bonded IOBs:                   9  out of    190     4%  
 Number of GCLKs:                         3  out of     24    12%  
 Number of DCMs:                          1  out of      4    25%  

---------------------------
Partition Resource Summary:
---------------------------

  No Partitions were found in this design.

---------------------------


=========================================================================
TIMING REPORT

NOTE: THESE TIMING NUMBERS ARE ONLY A SYNTHESIS ESTIMATE.
      FOR ACCURATE TIMING INFORMATION PLEASE REFER TO THE TRACE REPORT
      GENERATED AFTER PLACE-and-ROUTE.

Clock Information:
------------------
-----------------------------------+------------------------+-------+
Clock Signal                       | Clock buffer(FF name)  | Load  |
-----------------------------------+------------------------+-------+
clk/clk1hz_buff                    | NONE(offset_car_x_1)   | 8     |
clk50mhz                           | vga_clock_dcm:CLKFX    | 116   |
clk50mhz                           | IBUFG+BUFG             | 26    |
enemy/clk2/clk1hz_buff1            | BUFG                   | 20    |
-----------------------------------+------------------------+-------+
INFO:Xst:2169 - HDL ADVISOR - Some clock signals were not automatically buffered by XST with BUFG/BUFR resources. Please use the buffer_type constraint in order to insert these buffers to the clock signals to help prevent skew problems.

Asynchronous Control Signals Information:
----------------------------------------
No asynchronous control signals found in this design

Timing Summary:
---------------
Speed Grade: -5

   Minimum period: 7.522ns (Maximum Frequency: 132.940MHz)
   Minimum input arrival time before clock: 4.796ns
   Maximum output required time after clock: 4.040ns
   Maximum combinational path delay: No path found

Timing Detail:
--------------
All values displayed in nanoseconds (ns)

=========================================================================
Timing constraint: Default period analysis for Clock 'clk/clk1hz_buff'
  Clock period: 6.248ns (frequency: 160.051MHz)
  Total number of paths / destination ports: 283 / 8
-------------------------------------------------------------------------
Delay:               6.248ns (Levels of Logic = 5)
  Source:            offset_car_x_5 (FF)
  Destination:       offset_car_x_4 (FF)
  Source Clock:      clk/clk1hz_buff rising
  Destination Clock: clk/clk1hz_buff rising

  Data Path: offset_car_x_5 to offset_car_x_4
                                Gate     Net
    Cell:in->out      fanout   Delay   Delay  Logical Name (Net Name)
    ----------------------------------------  ------------
     FDE:C->Q             11   0.514   0.823  offset_car_x_5 (offset_car_x_5)
     LUT3_D:I2->O          5   0.612   0.541  offset_car_x_cmp_eq000311 (offset_car_x_and0032)
     LUT4_L:I3->LO         1   0.612   0.130  offset_car_x_mux0000<1>1_SW1 (N78)
     LUT4:I2->O            4   0.612   0.502  offset_car_x_mux0000<1>1 (N111)
     LUT4_D:I3->O          2   0.612   0.410  offset_car_x_mux0000<7>11 (N11)
     LUT3:I2->O            1   0.612   0.000  offset_car_x_mux0000<5>1 (offset_car_x_mux0000<5>)
     FDE:D                     0.268          offset_car_x_4
    ----------------------------------------
    Total                      6.248ns (3.842ns logic, 2.406ns route)
                                       (61.5% logic, 38.5% route)

=========================================================================
Timing constraint: Default period analysis for Clock 'clk50mhz'
  Clock period: 7.522ns (frequency: 132.940MHz)
  Total number of paths / destination ports: 31323 / 328
-------------------------------------------------------------------------
Delay:               7.522ns (Levels of Logic = 27)
  Source:            clk/counter_1 (FF)
  Destination:       clk/counter_0 (FF)
  Source Clock:      clk50mhz rising
  Destination Clock: clk50mhz rising

  Data Path: clk/counter_1 to clk/counter_0
                                Gate     Net
    Cell:in->out      fanout   Delay   Delay  Logical Name (Net Name)
    ----------------------------------------  ------------
     FDR:C->Q              2   0.514   0.532  clk/counter_1 (clk/counter_1)
     LUT1:I0->O            1   0.612   0.000  clk/Madd_old_counter_2_add0000_cy<1>_rt (clk/Madd_old_counter_2_add0000_cy<1>_rt)
     MUXCY:S->O            1   0.404   0.000  clk/Madd_old_counter_2_add0000_cy<1> (clk/Madd_old_counter_2_add0000_cy<1>)
     MUXCY:CI->O           1   0.051   0.000  clk/Madd_old_counter_2_add0000_cy<2> (clk/Madd_old_counter_2_add0000_cy<2>)
     MUXCY:CI->O           1   0.051   0.000  clk/Madd_old_counter_2_add0000_cy<3> (clk/Madd_old_counter_2_add0000_cy<3>)
     MUXCY:CI->O           1   0.051   0.000  clk/Madd_old_counter_2_add0000_cy<4> (clk/Madd_old_counter_2_add0000_cy<4>)
     MUXCY:CI->O           1   0.051   0.000  clk/Madd_old_counter_2_add0000_cy<5> (clk/Madd_old_counter_2_add0000_cy<5>)
     MUXCY:CI->O           1   0.051   0.000  clk/Madd_old_counter_2_add0000_cy<6> (clk/Madd_old_counter_2_add0000_cy<6>)
     MUXCY:CI->O           1   0.051   0.000  clk/Madd_old_counter_2_add0000_cy<7> (clk/Madd_old_counter_2_add0000_cy<7>)
     MUXCY:CI->O           1   0.051   0.000  clk/Madd_old_counter_2_add0000_cy<8> (clk/Madd_old_counter_2_add0000_cy<8>)
     MUXCY:CI->O           1   0.051   0.000  clk/Madd_old_counter_2_add0000_cy<9> (clk/Madd_old_counter_2_add0000_cy<9>)
     MUXCY:CI->O           1   0.051   0.000  clk/Madd_old_counter_2_add0000_cy<10> (clk/Madd_old_counter_2_add0000_cy<10>)
     MUXCY:CI->O           1   0.051   0.000  clk/Madd_old_counter_2_add0000_cy<11> (clk/Madd_old_counter_2_add0000_cy<11>)
     MUXCY:CI->O           1   0.051   0.000  clk/Madd_old_counter_2_add0000_cy<12> (clk/Madd_old_counter_2_add0000_cy<12>)
     MUXCY:CI->O           1   0.051   0.000  clk/Madd_old_counter_2_add0000_cy<13> (clk/Madd_old_counter_2_add0000_cy<13>)
     MUXCY:CI->O           1   0.051   0.000  clk/Madd_old_counter_2_add0000_cy<14> (clk/Madd_old_counter_2_add0000_cy<14>)
     MUXCY:CI->O           1   0.051   0.000  clk/Madd_old_counter_2_add0000_cy<15> (clk/Madd_old_counter_2_add0000_cy<15>)
     MUXCY:CI->O           1   0.051   0.000  clk/Madd_old_counter_2_add0000_cy<16> (clk/Madd_old_counter_2_add0000_cy<16>)
     MUXCY:CI->O           1   0.051   0.000  clk/Madd_old_counter_2_add0000_cy<17> (clk/Madd_old_counter_2_add0000_cy<17>)
     XORCY:CI->O           1   0.699   0.509  clk/Madd_old_counter_2_add0000_xor<18> (clk/old_counter_2_add0000<18>)
     LUT1:I0->O            1   0.612   0.000  clk/clk1hz_buff_cmp_eq00001_wg_cy<0>_rt (clk/clk1hz_buff_cmp_eq00001_wg_cy<0>_rt)
     MUXCY:S->O            1   0.404   0.000  clk/clk1hz_buff_cmp_eq00001_wg_cy<0> (clk/clk1hz_buff_cmp_eq00001_wg_cy<0>)
     MUXCY:CI->O           1   0.052   0.000  clk/clk1hz_buff_cmp_eq00001_wg_cy<1> (clk/clk1hz_buff_cmp_eq00001_wg_cy<1>)
     MUXCY:CI->O           1   0.052   0.000  clk/clk1hz_buff_cmp_eq00001_wg_cy<2> (clk/clk1hz_buff_cmp_eq00001_wg_cy<2>)
     MUXCY:CI->O           1   0.052   0.000  clk/clk1hz_buff_cmp_eq00001_wg_cy<3> (clk/clk1hz_buff_cmp_eq00001_wg_cy<3>)
     MUXCY:CI->O           1   0.052   0.000  clk/clk1hz_buff_cmp_eq00001_wg_cy<4> (clk/clk1hz_buff_cmp_eq00001_wg_cy<4>)
     MUXCY:CI->O           1   0.052   0.000  clk/clk1hz_buff_cmp_eq00001_wg_cy<5> (clk/clk1hz_buff_cmp_eq00001_wg_cy<5>)
     MUXCY:CI->O          26   0.289   1.071  clk/clk1hz_buff_cmp_eq00001_wg_cy<6> (clk/clk1hz_buff_cmp_eq0000)
     FDR:R                     0.795          clk/counter_0
    ----------------------------------------
    Total                      7.522ns (5.410ns logic, 2.112ns route)
                                       (71.9% logic, 28.1% route)

=========================================================================
Timing constraint: Default period analysis for Clock 'enemy/clk2/clk1hz_buff1'
  Clock period: 4.863ns (frequency: 205.632MHz)
  Total number of paths / destination ports: 265 / 40
-------------------------------------------------------------------------
Delay:               4.863ns (Levels of Logic = 3)
  Source:            enemy/counter_0 (FF)
  Destination:       enemy/counter_9 (FF)
  Source Clock:      enemy/clk2/clk1hz_buff1 rising
  Destination Clock: enemy/clk2/clk1hz_buff1 rising

  Data Path: enemy/counter_0 to enemy/counter_9
                                Gate     Net
    Cell:in->out      fanout   Delay   Delay  Logical Name (Net Name)
    ----------------------------------------  ------------
     FDRE:C->Q             3   0.514   0.603  enemy/counter_0 (enemy/counter_0)
     LUT4:I0->O            1   0.612   0.360  enemy/pos_y_cmp_lt0000235_SW0 (N163)
     LUT4_L:I3->LO         1   0.612   0.130  enemy/pos_y_cmp_lt0000235 (enemy/pos_y_cmp_lt0000235)
     LUT4:I2->O           20   0.612   0.937  enemy/pos_y_cmp_lt0000263 (enemy/pos_y_cmp_lt0000)
     FDRE:CE                   0.483          enemy/pos_y_0
    ----------------------------------------
    Total                      4.863ns (2.833ns logic, 2.030ns route)
                                       (58.3% logic, 41.7% route)

=========================================================================
Timing constraint: Default OFFSET IN BEFORE for Clock 'clk/clk1hz_buff'
  Total number of paths / destination ports: 52 / 16
-------------------------------------------------------------------------
Offset:              4.796ns (Levels of Logic = 4)
  Source:            right (PAD)
  Destination:       offset_car_x_1 (FF)
  Destination Clock: clk/clk1hz_buff rising

  Data Path: right to offset_car_x_1
                                Gate     Net
    Cell:in->out      fanout   Delay   Delay  Logical Name (Net Name)
    ----------------------------------------  ------------
     IBUF:I->O             7   1.106   0.754  right_IBUF (right_IBUF)
     LUT4:I0->O            2   0.612   0.383  offset_car_x_mux0000<7>21 (N55)
     LUT4_D:I3->O          2   0.612   0.449  offset_car_x_mux0000<7>22 (N10)
     LUT3:I1->O            1   0.612   0.000  offset_car_x_mux0000<8>1 (offset_car_x_mux0000<8>)
     FDE:D                     0.268          offset_car_x_1
    ----------------------------------------
    Total                      4.796ns (3.210ns logic, 1.586ns route)
                                       (66.9% logic, 33.1% route)

=========================================================================
Timing constraint: Default OFFSET IN BEFORE for Clock 'enemy/clk2/clk1hz_buff1'
  Total number of paths / destination ports: 20 / 20
-------------------------------------------------------------------------
Offset:              2.860ns (Levels of Logic = 1)
  Source:            reset (PAD)
  Destination:       enemy/counter_9 (FF)
  Destination Clock: enemy/clk2/clk1hz_buff1 rising

  Data Path: reset to enemy/counter_9
                                Gate     Net
    Cell:in->out      fanout   Delay   Delay  Logical Name (Net Name)
    ----------------------------------------  ------------
     IBUF:I->O            21   1.106   0.959  reset_IBUF (reset_IBUF)
     FDRE:R                    0.795          enemy/pos_y_0
    ----------------------------------------
    Total                      2.860ns (1.901ns logic, 0.959ns route)
                                       (66.5% logic, 33.5% route)

=========================================================================
Timing constraint: Default OFFSET OUT AFTER for Clock 'clk50mhz'
  Total number of paths / destination ports: 5 / 5
-------------------------------------------------------------------------
Offset:              4.040ns (Levels of Logic = 1)
  Source:            vga/vsync (FF)
  Destination:       vsync (PAD)
  Source Clock:      clk50mhz rising 0.5X

  Data Path: vga/vsync to vsync
                                Gate     Net
    Cell:in->out      fanout   Delay   Delay  Logical Name (Net Name)
    ----------------------------------------  ------------
     FDR:C->Q              1   0.514   0.357  vga/vsync (vga/vsync)
     OBUF:I->O                 3.169          vsync_OBUF (vsync)
    ----------------------------------------
    Total                      4.040ns (3.683ns logic, 0.357ns route)
                                       (91.2% logic, 8.8% route)

=========================================================================


Total REAL time to Xst completion: 131.00 secs
Total CPU time to Xst completion: 130.99 secs
 
--> 

Total memory usage is 326128 kilobytes

Number of errors   :    0 (   0 filtered)
Number of warnings :   11 (   0 filtered)
Number of infos    :    4 (   0 filtered)

