MO rom_Bars NULL rom_Bars.v vlg51/rom___bars.bin 1465854236
MO VGA_LOGIC NULL VGA_LOGIC.v vlg43/_v_g_a___l_o_g_i_c.bin 1465854236
MO CLK_Divider NULL CLK_Divider.v vlg70/_c_l_k___divider.bin 1465854236
MO Main NULL Main.v vlg0D/_main.bin 1465854236
MO rom_Car NULL rom_Car.v vlg5F/rom___car.bin 1465854236
