MO rom_Bars NULL rom_Bars.v vlg51/rom___bars.bin 1466037399
MO Enemy NULL Enemy.v vlg22/_enemy.bin 1466037399
MO VGA_LOGIC NULL VGA_LOGIC.v vlg43/_v_g_a___l_o_g_i_c.bin 1466037399
MO CLK_Divider NULL CLK_Divider.v vlg70/_c_l_k___divider.bin 1466037399
MO Main NULL Main.v vlg0D/_main.bin 1466037399
MO ALU NULL ALU.v vlg2A/_a_l_u.bin 1466037399
MO rom_Car NULL rom_Car.v vlg5F/rom___car.bin 1466037399
